mode: set
_/Users/youdi/Project/golang/test/triangle.go:5.36,6.9 1 0
_/Users/youdi/Project/golang/test/triangle.go:7.18,8.15 1 0
_/Users/youdi/Project/golang/test/triangle.go:9.18,10.15 1 0
_/Users/youdi/Project/golang/test/triangle.go:11.18,12.15 1 0
_/Users/youdi/Project/golang/test/triangle.go:13.10,14.14 1 0
_/Users/youdi/Project/golang/test/triangle.go:22.14,25.2 2 0
